
> nextn@0.1.0 build
> next build

   Γû▓ Next.js 15.3.8
   - Environments: .env.local, .env

   Creating an optimized production build ...
node.exe : <w> [webpac
k.cache.PackFileCacheS
trategy] Skipped not 
serializable cache 
item 'Compilation/modu
les|javascript/auto|C:
\Users\PC USER\OneDriv
e\Documents\fyndsuelad
min\node_modules\next\
dist\build\webpack\loa
ders\next-flight-css-l
oader.js??ruleSet[1].r
ules[13].oneOf[5].use[
0]!C:\Users\PC USER\On
eDrive\Documents\fynds
ueladmin\node_modules\
next\dist\build\webpac
k\loaders\css-loader\s
rc\index.js??ruleSet[1
].rules[13].oneOf[5].u
se[1]!C:\Users\PC USER
\OneDrive\Documents\fy
ndsueladmin\node_modul
es\next\dist\build\web
pack\loaders\postcss-l
oader\src\index.js??ru
leSet[1].rules[13].one
Of[5].use[2]!C:\Users\
PC USER\OneDrive\Docum
ents\fyndsueladmin\src
\components\dashboard\
station-manager-view\M
anagerOverview.module.
css|ssr': No 
serializer registered 
for PostCSSSyntaxError
At C:\Program Files\no
dejs\npm.ps1:29 char:3
+   & $NODE_EXE 
$NPM_CLI_JS $args
+   ~~~~~~~~~~~~~~~~~~
~~~~~~~~~~~
    + CategoryInfo    
          : NotSpeci  
  fied: (<w> [webpa   
 ck.ca...tCSSSynta    
xError:String) []    
, RemoteException
    + FullyQualifiedE 
   rrorId : NativeCo  
  mmandError
 
<w> while serializing 
webpack/lib/cache/Pack
FileCacheStrategy.Pack
ContentItems -> webpac
k/lib/NormalModule -> 
webpack/lib/ModuleBuil
dError -> 
PostCSSSyntaxError
Failed to compile.

./src/components/dashb
oard/station-manager-v
iew/ManagerOverview.mo
dule.css:2:9
Syntax error: 
C:\Users\PC USER\OneDr
ive\Documents\fyndsuel
admin\src\components\d
ashboard\station-manag
er-view\ManagerOvervie
w.module.css Unknown 
word

 [90m 1 | [39m∩┐╜∩┐╜
. d e s k t o p O n l 
y   [33m{[39m 
 
[1m[31m>[39m[22m[
90m 2 | [39m         
d i s p l a y [33m:[
39m  
 f l e x [33m;[39m 
 
 [90m   | [39m      
  [1m[31m^[39m[22m
 [90m 3 | 
[39m [33m}[39m 
 
 [90m 4 | [39m 
 


> Build failed 
because of webpack 
errors
